// Jest Snapshot v1, https://goo.gl/fbAQLP

exports[`Tests in <DCScreen should render the component correctly 1`] = `
<div>
  <hr />
  <div
    className="card-columns animate__animated animate__fadeIn"
  >
    <div
      className="card ms-3 animate__animated animate__fadeIn"
      style={
        Object {
          "maxHeight": 540,
          "maxWidth": 540,
        }
      }
    >
      <div
        className="row no-gutters"
      >
        <div
          className="col-md-4"
        >
          <img
            alt="Batman"
            className="card-img"
            src="./assets/heroes/dc-batman.jpg"
          />
        </div>
        <div
          className="col-md-8"
        >
          <div
            className="card-body"
          >
            <h5
              className="card-title"
            >
               
              Batman
               
            </h5>
            <p
              className="card-text"
            >
               
              Bruce Wayne
               
            </p>
            <p
              className="card-text"
            >
              <small
                className="text-muted"
              >
                 
                Detective Comics #27
                 
              </small>
            </p>
            <a
              href="/hero/dc-batman"
              onClick={[Function]}
            >
              More...
            </a>
          </div>
        </div>
      </div>
    </div>
    <div
      className="card ms-3 animate__animated animate__fadeIn"
      style={
        Object {
          "maxHeight": 540,
          "maxWidth": 540,
        }
      }
    >
      <div
        className="row no-gutters"
      >
        <div
          className="col-md-4"
        >
          <img
            alt="Superman"
            className="card-img"
            src="./assets/heroes/dc-superman.jpg"
          />
        </div>
        <div
          className="col-md-8"
        >
          <div
            className="card-body"
          >
            <h5
              className="card-title"
            >
               
              Superman
               
            </h5>
            <p
              className="card-text"
            >
               
              Kal-El
               
            </p>
            <p
              className="card-text"
            >
              <small
                className="text-muted"
              >
                 
                Action Comics #1
                 
              </small>
            </p>
            <a
              href="/hero/dc-superman"
              onClick={[Function]}
            >
              More...
            </a>
          </div>
        </div>
      </div>
    </div>
    <div
      className="card ms-3 animate__animated animate__fadeIn"
      style={
        Object {
          "maxHeight": 540,
          "maxWidth": 540,
        }
      }
    >
      <div
        className="row no-gutters"
      >
        <div
          className="col-md-4"
        >
          <img
            alt="Flash"
            className="card-img"
            src="./assets/heroes/dc-flash.jpg"
          />
        </div>
        <div
          className="col-md-8"
        >
          <div
            className="card-body"
          >
            <h5
              className="card-title"
            >
               
              Flash
               
            </h5>
            <p
              className="card-text"
            >
               
              Jay Garrick
               
            </p>
            <p
              className="card-text"
            >
              <small
                className="text-muted"
              >
                 
                Flash Comics #1
                 
              </small>
            </p>
            <a
              href="/hero/dc-flash"
              onClick={[Function]}
            >
              More...
            </a>
          </div>
        </div>
      </div>
    </div>
    <div
      className="card ms-3 animate__animated animate__fadeIn"
      style={
        Object {
          "maxHeight": 540,
          "maxWidth": 540,
        }
      }
    >
      <div
        className="row no-gutters"
      >
        <div
          className="col-md-4"
        >
          <img
            alt="Green Lantern"
            className="card-img"
            src="./assets/heroes/dc-green.jpg"
          />
        </div>
        <div
          className="col-md-8"
        >
          <div
            className="card-body"
          >
            <h5
              className="card-title"
            >
               
              Green Lantern
               
            </h5>
            <p
              className="card-text"
            >
               
              Alan Scott
               
            </p>
            <p
              className="card-text"
            >
              <small
                className="text-muted"
              >
                 
                All-American Comics #16
                 
              </small>
            </p>
            <a
              href="/hero/dc-green"
              onClick={[Function]}
            >
              More...
            </a>
          </div>
        </div>
      </div>
    </div>
    <div
      className="card ms-3 animate__animated animate__fadeIn"
      style={
        Object {
          "maxHeight": 540,
          "maxWidth": 540,
        }
      }
    >
      <div
        className="row no-gutters"
      >
        <div
          className="col-md-4"
        >
          <img
            alt="Green Arrow"
            className="card-img"
            src="./assets/heroes/dc-arrow.jpg"
          />
        </div>
        <div
          className="col-md-8"
        >
          <div
            className="card-body"
          >
            <h5
              className="card-title"
            >
               
              Green Arrow
               
            </h5>
            <p
              className="card-text"
            >
               
              Oliver Queen
               
            </p>
            <p
              className="card-text"
            >
              <small
                className="text-muted"
              >
                 
                More Fun Comics #73
                 
              </small>
            </p>
            <a
              href="/hero/dc-arrow"
              onClick={[Function]}
            >
              More...
            </a>
          </div>
        </div>
      </div>
    </div>
    <div
      className="card ms-3 animate__animated animate__fadeIn"
      style={
        Object {
          "maxHeight": 540,
          "maxWidth": 540,
        }
      }
    >
      <div
        className="row no-gutters"
      >
        <div
          className="col-md-4"
        >
          <img
            alt="Wonder Woman"
            className="card-img"
            src="./assets/heroes/dc-wonder.jpg"
          />
        </div>
        <div
          className="col-md-8"
        >
          <div
            className="card-body"
          >
            <h5
              className="card-title"
            >
               
              Wonder Woman
               
            </h5>
            <p
              className="card-text"
            >
               
              Princess Diana
               
            </p>
            <p
              className="card-text"
            >
              <small
                className="text-muted"
              >
                 
                All Star Comics #8
                 
              </small>
            </p>
            <a
              href="/hero/dc-wonder"
              onClick={[Function]}
            >
              More...
            </a>
          </div>
        </div>
      </div>
    </div>
    <div
      className="card ms-3 animate__animated animate__fadeIn"
      style={
        Object {
          "maxHeight": 540,
          "maxWidth": 540,
        }
      }
    >
      <div
        className="row no-gutters"
      >
        <div
          className="col-md-4"
        >
          <img
            alt="Martian Manhunter"
            className="card-img"
            src="./assets/heroes/dc-martian.jpg"
          />
        </div>
        <div
          className="col-md-8"
        >
          <div
            className="card-body"
          >
            <h5
              className="card-title"
            >
               
              Martian Manhunter
               
            </h5>
            <p
              className="card-text"
            >
               
              J'onn J'onzz
               
            </p>
            <p
              className="card-text"
            >
              <small
                className="text-muted"
              >
                 
                Detective Comics #225
                 
              </small>
            </p>
            <a
              href="/hero/dc-martian"
              onClick={[Function]}
            >
              More...
            </a>
          </div>
        </div>
      </div>
    </div>
    <div
      className="card ms-3 animate__animated animate__fadeIn"
      style={
        Object {
          "maxHeight": 540,
          "maxWidth": 540,
        }
      }
    >
      <div
        className="row no-gutters"
      >
        <div
          className="col-md-4"
        >
          <img
            alt="Robin/Nightwing"
            className="card-img"
            src="./assets/heroes/dc-robin.jpg"
          />
        </div>
        <div
          className="col-md-8"
        >
          <div
            className="card-body"
          >
            <h5
              className="card-title"
            >
               
              Robin/Nightwing
               
            </h5>
            <p
              className="card-text"
            >
               
              Dick Grayson
               
            </p>
            <p
              className="card-text"
            >
              <small
                className="text-muted"
              >
                 
                Detective Comics #38
                 
              </small>
            </p>
            <a
              href="/hero/dc-robin"
              onClick={[Function]}
            >
              More...
            </a>
          </div>
        </div>
      </div>
    </div>
    <div
      className="card ms-3 animate__animated animate__fadeIn"
      style={
        Object {
          "maxHeight": 540,
          "maxWidth": 540,
        }
      }
    >
      <div
        className="row no-gutters"
      >
        <div
          className="col-md-4"
        >
          <img
            alt="Blue Beetle"
            className="card-img"
            src="./assets/heroes/dc-blue.jpg"
          />
        </div>
        <div
          className="col-md-8"
        >
          <div
            className="card-body"
          >
            <h5
              className="card-title"
            >
               
              Blue Beetle
               
            </h5>
            <p
              className="card-text"
            >
               
              Dan Garret
               
            </p>
            <p
              className="card-text"
            >
              <small
                className="text-muted"
              >
                 
                Mystery Men Comics #1
                 
              </small>
            </p>
            <a
              href="/hero/dc-blue"
              onClick={[Function]}
            >
              More...
            </a>
          </div>
        </div>
      </div>
    </div>
    <div
      className="card ms-3 animate__animated animate__fadeIn"
      style={
        Object {
          "maxHeight": 540,
          "maxWidth": 540,
        }
      }
    >
      <div
        className="row no-gutters"
      >
        <div
          className="col-md-4"
        >
          <img
            alt="Black Canary"
            className="card-img"
            src="./assets/heroes/dc-black.jpg"
          />
        </div>
        <div
          className="col-md-8"
        >
          <div
            className="card-body"
          >
            <h5
              className="card-title"
            >
               
              Black Canary
               
            </h5>
            <p
              className="card-text"
            >
               
              Dinah Drake
               
            </p>
            <p
              className="card-text"
            >
              <small
                className="text-muted"
              >
                 
                Flash Comics #86
                 
              </small>
            </p>
            <a
              href="/hero/dc-black"
              onClick={[Function]}
            >
              More...
            </a>
          </div>
        </div>
      </div>
    </div>
  </div>
</div>
`;
